// Jest Snapshot v1, https://goo.gl/fbAQLP

exports[`Hello renders correctly 1`] = `
<a
  href="/work/work-1"
>
  Go to Work-1
</a>
`;
